FFD8:FFD9:JPEG
EFBB:NULL:TXT
DOCB:NULL:DOC